[html.dynamiclayers.net/te/cleanz/index.html]
[backblue.gif]
[fade.gif]
[index.html]
[html.dynamiclayers.net/te/cleanz/assets/img/favicon.png]
[html.dynamiclayers.net/te/cleanz/assets/css/fontawesome.min.css]
[html.dynamiclayers.net/te/cleanz/assets/css/themify-icons.css]
[html.dynamiclayers.net/te/cleanz/assets/css/elegant-line-icons.css]
[html.dynamiclayers.net/te/cleanz/assets/css/animate.min.css]
[html.dynamiclayers.net/te/cleanz/assets/css/bootstrap.min.css]
[html.dynamiclayers.net/te/cleanz/assets/css/slick.min.css]
[html.dynamiclayers.net/te/cleanz/assets/css/slider.css]
[html.dynamiclayers.net/te/cleanz/assets/css/magnific-popup.css]
[html.dynamiclayers.net/te/cleanz/assets/css/nice-select.css]
[html.dynamiclayers.net/te/cleanz/assets/css/odometer.min.css]
[html.dynamiclayers.net/te/cleanz/assets/css/main.css]
[html.dynamiclayers.net/te/cleanz/assets/js/vendor/modernizr-2.8.3-respond-1.4.2.min.js]
[html.dynamiclayers.net/te/cleanz/assets/img/logo-dark.png]
[html.dynamiclayers.net/te/cleanz/index-2.html]
[html.dynamiclayers.net/te/cleanz/index-3.html]
[html.dynamiclayers.net/te/cleanz/index-4.html]
[html.dynamiclayers.net/te/cleanz/about-us.html]
[html.dynamiclayers.net/te/cleanz/about-company.html]
[html.dynamiclayers.net/te/cleanz/services.html]
[html.dynamiclayers.net/te/cleanz/projects-3-col.html]
[html.dynamiclayers.net/te/cleanz/projects-4-col.html]
[html.dynamiclayers.net/te/cleanz/project-details.html]
[html.dynamiclayers.net/te/cleanz/team.html]
[html.dynamiclayers.net/te/cleanz/pricing-plans.html]
[html.dynamiclayers.net/te/cleanz/faq.html]
[html.dynamiclayers.net/te/cleanz/404.html]
[html.dynamiclayers.net/te/cleanz/blog-grid.html]
[html.dynamiclayers.net/te/cleanz/blog-classic.html]
[html.dynamiclayers.net/te/cleanz/blog-single.html]
[html.dynamiclayers.net/te/cleanz/contact.html]
[html.dynamiclayers.net/te/cleanz/assets/img/slider-1.jpg]
[html.dynamiclayers.net/te/cleanz/assets/img/slider-2.jpg]
[html.dynamiclayers.net/te/cleanz/assets/img/slider-3.jpg]
[html.dynamiclayers.net/te/cleanz/assets/img/about-bg-2.jpg]
[html.dynamiclayers.net/te/cleanz/assets/img/about-bg-3.jpg]
[html.dynamiclayers.net/te/cleanz/assets/img/clean.png]
[html.dynamiclayers.net/te/cleanz/assets/img/service-1.jpg]
[html.dynamiclayers.net/te/cleanz/assets/img/service-2.jpg]
[html.dynamiclayers.net/te/cleanz/assets/img/service-3.jpg]
[html.dynamiclayers.net/te/cleanz/assets/img/cleaning.png]
[html.dynamiclayers.net/te/cleanz/assets/img/project-1.jpg]
[html.dynamiclayers.net/te/cleanz/assets/img/project-2.jpg]
[html.dynamiclayers.net/te/cleanz/assets/img/project-3.jpg]
[html.dynamiclayers.net/te/cleanz/assets/img/project-4.jpg]
[html.dynamiclayers.net/te/cleanz/assets/img/project-5.jpg]
[html.dynamiclayers.net/te/cleanz/assets/img/project-6.jpg]
[html.dynamiclayers.net/te/cleanz/assets/img/testi-1.png]
[html.dynamiclayers.net/te/cleanz/assets/img/testi-2.png]
[html.dynamiclayers.net/te/cleanz/assets/img/testi-3.png]
[html.dynamiclayers.net/te/cleanz/assets/img/post-1.jpg]
[html.dynamiclayers.net/te/cleanz/assets/img/post-2.jpg]
[html.dynamiclayers.net/te/cleanz/assets/img/post-3.jpg]
[html.dynamiclayers.net/te/cleanz/assets/img/certified-logo-1@2x.png]
[html.dynamiclayers.net/te/cleanz/assets/img/certified-logo-2@2x.png]
[html.dynamiclayers.net/te/cleanz/assets/img/certified-logo-3@2x.png]
[html.dynamiclayers.net/cdn-cgi/scripts/5c5dd728/cloudflare-static/email-decode.min.js]
[html.dynamiclayers.net/te/cleanz/assets/js/vendor/jquery-1.12.4.min.js]
[html.dynamiclayers.net/te/cleanz/assets/js/vendor/popper.min.js]
[html.dynamiclayers.net/te/cleanz/assets/js/vendor/bootstrap.min.js]
[html.dynamiclayers.net/te/cleanz/assets/js/vendor/waypoints.min.js]
[html.dynamiclayers.net/te/cleanz/assets/js/vendor/slick.min.js]
[html.dynamiclayers.net/te/cleanz/assets/js/vendor/headroom.min.js]
[html.dynamiclayers.net/te/cleanz/assets/js/vendor/jquery.smoothscroll.min.js]
[html.dynamiclayers.net/te/cleanz/assets/js/vendor/jquery.magnific-popup.min.js]
[html.dynamiclayers.net/te/cleanz/assets/js/vendor/jquery.ajaxchimp.min.js]
[html.dynamiclayers.net/te/cleanz/assets/js/vendor/jquery.mb.YTPlayer.min.js]
[html.dynamiclayers.net/te/cleanz/assets/js/vendor/odometer.min.js]
[html.dynamiclayers.net/te/cleanz/assets/js/vendor/jquery.nice-select.min.js]
[html.dynamiclayers.net/te/cleanz/assets/js/vendor/simpleParallax.min.js]
[html.dynamiclayers.net/te/cleanz/assets/js/vendor/wow.min.js]
[html.dynamiclayers.net/te/cleanz/assets/js/contact.js]
[html.dynamiclayers.net/te/cleanz/assets/js/appointment.js]
[html.dynamiclayers.net/te/cleanz/assets/js/main.js]
[html.dynamiclayers.net/te/cleanz/index.html]
[html.dynamiclayers.net/te/cleanz/assets/img/team-1.jpg]
[html.dynamiclayers.net/te/cleanz/assets/img/team-2.jpg]
[html.dynamiclayers.net/te/cleanz/assets/img/team-3.jpg]
[html.dynamiclayers.net/te/cleanz/index-2.html]
[html.dynamiclayers.net/te/cleanz/assets/img/team-4.jpg]
[html.dynamiclayers.net/te/cleanz/assets/img/about-bg-4.jpg]
[html.dynamiclayers.net/te/cleanz/assets/img/about-bg-6.jpg]
[html.dynamiclayers.net/te/cleanz/index-3.html]
[html.dynamiclayers.net/te/cleanz/assets/img/about-bg-5.jpg]
[html.dynamiclayers.net/te/cleanz/index-4.html]
[html.dynamiclayers.net/te/cleanz/about-us.html]
[html.dynamiclayers.net/te/cleanz/about-company.html]
[html.dynamiclayers.net/te/cleanz/assets/img/about-bg-7.jpg]
[html.dynamiclayers.net/te/cleanz/assets/img/service-4.jpg]
[html.dynamiclayers.net/te/cleanz/assets/img/service-5.jpg]
[html.dynamiclayers.net/te/cleanz/services.html]
[html.dynamiclayers.net/te/cleanz/projects-3-col.html]
[html.dynamiclayers.net/te/cleanz/assets/img/service-6.jpg]
[html.dynamiclayers.net/te/cleanz/assets/img/project-7.jpg]
[html.dynamiclayers.net/te/cleanz/projects-4-col.html]
[html.dynamiclayers.net/te/cleanz/assets/img/project-8.jpg]
[html.dynamiclayers.net/te/cleanz/assets/img/project-single-1.jpg]
[html.dynamiclayers.net/te/cleanz/assets/img/project-single-2.jpg]
[html.dynamiclayers.net/te/cleanz/project-details.html]
[html.dynamiclayers.net/te/cleanz/assets/img/banner.jpg]
[html.dynamiclayers.net/te/cleanz/assets/img/team-5.jpg]
[html.dynamiclayers.net/te/cleanz/assets/img/team-6.jpg]
[html.dynamiclayers.net/te/cleanz/assets/img/team-7.jpg]
[html.dynamiclayers.net/te/cleanz/team.html]
[html.dynamiclayers.net/te/cleanz/pricing-plans.html]
[html.dynamiclayers.net/te/cleanz/faq.html]
[html.dynamiclayers.net/te/cleanz/assets/img/team-8.jpg]
[html.dynamiclayers.net/te/cleanz/404.html]
[html.dynamiclayers.net/te/cleanz/assets/img/404.png]
[html.dynamiclayers.net/te/cleanz/assets/img/post-4.jpg]
[html.dynamiclayers.net/te/cleanz/assets/img/post-5.jpg]
[html.dynamiclayers.net/te/cleanz/blog-grid.html]
[html.dynamiclayers.net/te/cleanz/blog-classic.html]
[html.dynamiclayers.net/te/cleanz/assets/img/post-6.jpg]
[html.dynamiclayers.net/te/cleanz/assets/img/comment-1.png]
[html.dynamiclayers.net/te/cleanz/assets/img/comment-2.png]
[html.dynamiclayers.net/te/cleanz/assets/img/comment-3.png]
[html.dynamiclayers.net/te/cleanz/blog-single.html]
[html.dynamiclayers.net/te/cleanz/contact.html]
[html.dynamiclayers.net/te/cleanz/assets/img/comment-4.png]
[html.dynamiclayers.net/te/cleanz/assets/img/slider-1.jpg]
[html.dynamiclayers.net/te/cleanz/assets/img/slider-2.jpg]
[html.dynamiclayers.net/te/cleanz/assets/js/vendor/modernizr-2.8.3-respond-1.4.2.min.js]
[html.dynamiclayers.net/te/cleanz/assets/img/slider-3.jpg]
[html.dynamiclayers.net/te/cleanz/assets/img/about-bg-2.jpg]
[html.dynamiclayers.net/te/cleanz/assets/img/about-bg-3.jpg]
[html.dynamiclayers.net/te/cleanz/assets/img/service-3.jpg]
[html.dynamiclayers.net/te/cleanz/assets/img/service-1.jpg]
[html.dynamiclayers.net/te/cleanz/assets/img/project-1.jpg]
[html.dynamiclayers.net/te/cleanz/assets/fonts/fa-brands-400.eot]
[html.dynamiclayers.net/te/cleanz/assets/img/project-3.jpg]
[html.dynamiclayers.net/te/cleanz/assets/img/project-4.jpg]
[html.dynamiclayers.net/te/cleanz/assets/img/project-5.jpg]
[html.dynamiclayers.net/te/cleanz/assets/fonts/fa-brands-400d41d.eot]
[html.dynamiclayers.net/te/cleanz/assets/img/project-6.jpg]
[html.dynamiclayers.net/te/cleanz/assets/img/post-2.jpg]
[html.dynamiclayers.net/te/cleanz/assets/img/post-1.jpg]
[html.dynamiclayers.net/te/cleanz/assets/img/post-3.jpg]
[html.dynamiclayers.net/te/cleanz/assets/js/vendor/slick.min.js]
[html.dynamiclayers.net/te/cleanz/assets/js/vendor/bootstrap.min.js]
[html.dynamiclayers.net/te/cleanz/assets/js/vendor/jquery-1.12.4.min.js]
[html.dynamiclayers.net/te/cleanz/assets/img/team-1.jpg]
[html.dynamiclayers.net/te/cleanz/assets/fonts/fa-brands-400.woff]
[html.dynamiclayers.net/te/cleanz/assets/img/team-2.jpg]
[html.dynamiclayers.net/te/cleanz/assets/js/vendor/odometer.min.js]
[html.dynamiclayers.net/te/cleanz/assets/img/team-3.jpg]
[html.dynamiclayers.net/te/cleanz/assets/img/team-4.jpg]
[html.dynamiclayers.net/te/cleanz/assets/img/about-bg-4.jpg]
[html.dynamiclayers.net/te/cleanz/assets/img/about-bg-5.jpg]
[html.dynamiclayers.net/te/cleanz/assets/fonts/fa-brands-400.ttf]
[html.dynamiclayers.net/te/cleanz/assets/img/about-bg-6.jpg]
[html.dynamiclayers.net/te/cleanz/assets/img/about-bg-7.jpg]
[html.dynamiclayers.net/te/cleanz/assets/img/service-5.jpg]
[html.dynamiclayers.net/te/cleanz/assets/img/service-4.jpg]
[html.dynamiclayers.net/te/cleanz/assets/img/service-6.jpg]
[html.dynamiclayers.net/te/cleanz/assets/img/project-7.jpg]
[html.dynamiclayers.net/te/cleanz/assets/img/project-8.jpg]
[html.dynamiclayers.net/te/cleanz/assets/fonts/fa-brands-400.svg]
[html.dynamiclayers.net/te/cleanz/assets/fonts/fa-regular-400.eot]
[html.dynamiclayers.net/te/cleanz/assets/img/project-single-1.jpg]
[html.dynamiclayers.net/te/cleanz/assets/img/project-single-2.jpg]
[html.dynamiclayers.net/te/cleanz/assets/img/banner.jpg]
[html.dynamiclayers.net/te/cleanz/assets/fonts/fa-regular-400d41d.eot]
[html.dynamiclayers.net/te/cleanz/assets/img/team-5.jpg]
[html.dynamiclayers.net/te/cleanz/assets/img/team-7.jpg]
[html.dynamiclayers.net/te/cleanz/assets/img/team-6.jpg]
[html.dynamiclayers.net/te/cleanz/assets/fonts/fa-regular-400.woff]
[html.dynamiclayers.net/te/cleanz/assets/img/404.png]
[html.dynamiclayers.net/te/cleanz/assets/img/team-8.jpg]
[html.dynamiclayers.net/te/cleanz/assets/img/post-4.jpg]
[html.dynamiclayers.net/te/cleanz/assets/img/post-5.jpg]
[html.dynamiclayers.net/te/cleanz/assets/img/comment-2.png]
[html.dynamiclayers.net/te/cleanz/assets/img/post-6.jpg]
[html.dynamiclayers.net/te/cleanz/assets/img/comment-1.png]
[html.dynamiclayers.net/te/cleanz/assets/img/comment-4.png]
[html.dynamiclayers.net/te/cleanz/assets/fonts/fa-brands-400.eot]
[html.dynamiclayers.net/te/cleanz/assets/fonts/fa-brands-400d41d.eot]
[html.dynamiclayers.net/te/cleanz/assets/fonts/fa-regular-400.ttf]
[html.dynamiclayers.net/te/cleanz/assets/fonts/fa-brands-400.woff]
[html.dynamiclayers.net/te/cleanz/assets/fonts/fa-regular-400.eot]
[html.dynamiclayers.net/te/cleanz/assets/fonts/fa-brands-400.ttf]
[html.dynamiclayers.net/te/cleanz/assets/fonts/fa-regular-400.ttf]
[html.dynamiclayers.net/te/cleanz/assets/fonts/fa-regular-400.svg]
[html.dynamiclayers.net/te/cleanz/assets/fonts/fa-regular-400d41d.eot]
[html.dynamiclayers.net/te/cleanz/assets/fonts/fa-solid-900.eot]
[html.dynamiclayers.net/te/cleanz/assets/fonts/fa-solid-900.eot]
[html.dynamiclayers.net/te/cleanz/assets/fonts/fa-solid-900d41d.eot]
[html.dynamiclayers.net/te/cleanz/assets/fonts/fa-solid-900.woff]
[html.dynamiclayers.net/te/cleanz/assets/fonts/fa-solid-900.woff]
[html.dynamiclayers.net/te/cleanz/assets/fonts/fa-solid-900.ttf]
[html.dynamiclayers.net/te/cleanz/assets/css/fontawesome.min.css]
[html.dynamiclayers.net/te/cleanz/assets/fonts/fa-solid-900.svg]
[html.dynamiclayers.net/te/cleanz/assets/fonts/themify9f24.eot]
[html.dynamiclayers.net/te/cleanz/assets/fonts/themify9f24.eot]
[html.dynamiclayers.net/te/cleanz/assets/fonts/themifyd41d.eot]
[html.dynamiclayers.net/te/cleanz/assets/fonts/themify9f24.woff]
[html.dynamiclayers.net/te/cleanz/assets/fonts/themify9f24.ttf]
[html.dynamiclayers.net/te/cleanz/assets/css/themify-icons.css]
[html.dynamiclayers.net/te/cleanz/assets/fonts/themify9f24.svg]
[html.dynamiclayers.net/te/cleanz/assets/fonts/themify9f24.woff]
[html.dynamiclayers.net/te/cleanz/assets/fonts/themify9f24.ttf]
[html.dynamiclayers.net/te/cleanz/assets/fonts/et-line.eot]
[html.dynamiclayers.net/te/cleanz/assets/fonts/et-line.eot]
[html.dynamiclayers.net/te/cleanz/assets/fonts/et-lined41d.eot]
[html.dynamiclayers.net/te/cleanz/assets/fonts/et-line.woff]
[html.dynamiclayers.net/te/cleanz/assets/fonts/et-line.ttf]
[html.dynamiclayers.net/te/cleanz/assets/fonts/et-line.woff]
[html.dynamiclayers.net/te/cleanz/assets/fonts/et-line.ttf]
[html.dynamiclayers.net/te/cleanz/assets/css/elegant-line-icons.css]
[html.dynamiclayers.net/te/cleanz/assets/css/animate.min.css]
[html.dynamiclayers.net/te/cleanz/assets/css/bootstrap.min.css]
[html.dynamiclayers.net/te/cleanz/assets/css/slick.min.css]
[html.dynamiclayers.net/te/cleanz/assets/css/slider.css]
[html.dynamiclayers.net/te/cleanz/assets/css/magnific-popup.css]
[html.dynamiclayers.net/te/cleanz/assets/css/nice-select.css]
[html.dynamiclayers.net/te/cleanz/assets/css/odometer.min.css]
[html.dynamiclayers.net/te/cleanz/assets/fonts/et-line.svg]
[html.dynamiclayers.net/te/cleanz/assets/img/cross.png]
[html.dynamiclayers.net/te/cleanz/assets/img/hero-bg.jpg]
[html.dynamiclayers.net/te/cleanz/assets/img/cross.png]
[html.dynamiclayers.net/te/cleanz/assets/img/video-bg.jpg]
[html.dynamiclayers.net/te/cleanz/assets/img/hero-bg.jpg]
[html.dynamiclayers.net/te/cleanz/assets/img/hero-bg-2.jpg]
[html.dynamiclayers.net/te/cleanz/assets/img/women.png]
[html.dynamiclayers.net/te/cleanz/assets/img/bg-shape.svg]
[html.dynamiclayers.net/te/cleanz/assets/img/wave-border.png]
[html.dynamiclayers.net/te/cleanz/assets/img/women.png]
[html.dynamiclayers.net/te/cleanz/assets/img/features-bg.jpg]
[html.dynamiclayers.net/te/cleanz/assets/img/blue-bg.jpg]
[html.dynamiclayers.net/te/cleanz/assets/img/map-pattern.png]
[html.dynamiclayers.net/te/cleanz/assets/img/faq-bg.jpg]
[html.dynamiclayers.net/te/cleanz/assets/img/bg-dots.png]
[html.dynamiclayers.net/te/cleanz/assets/css/main.css]
[html.dynamiclayers.net/te/cleanz/assets/fonts/fa-brands-400.html]
[html.dynamiclayers.net/te/cleanz/assets/fonts/fa-brands-400.svg]
[html.dynamiclayers.net/te/cleanz/assets/fonts/fa-regular-400.html]
[html.dynamiclayers.net/te/cleanz/assets/fonts/fa-regular-400.svg]
[html.dynamiclayers.net/te/cleanz/assets/fonts/fa-solid-900.html]
[html.dynamiclayers.net/te/cleanz/assets/fonts/fa-solid-900.svg]
[html.dynamiclayers.net/te/cleanz/assets/fonts/themify9f24.svg]
[html.dynamiclayers.net/te/cleanz/assets/fonts/et-line.svg]
[html.dynamiclayers.net/te/cleanz/assets/img/bg-shape.svg]
[html.dynamiclayers.net/te/cleanz/assets/img/bg-dots.html]
